nguyen@nguyen-FX503VD:~/demo/bem2$ cd ../
nguyen@nguyen-FX503VD:~/demo$ mkdir demo
nguyen@nguyen-FX503VD:~/demo$ cd ../
nguyen@nguyen-FX503VD:~$ mkdir BEMTEST
nguyen@nguyen-FX503VD:~$ cd BEMTEST
nguyen@nguyen-FX503VD:~/BEMTEST$ git clone git@github.com:annguyendang1722/BEMTEST.git
Cloning into 'BEMTEST'...
remote: Enumerating objects: 3, done.
remote: Counting objects: 100% (3/3), done.
remote: Total 3 (delta 0), reused 0 (delta 0), pack-reused 0
Receiving objects: 100% (3/3), done.
nguyen@nguyen-FX503VD:~/BEMTEST$ cd BEMTEST
nguyen@nguyen-FX503VD:~/BEMTEST/BEMTEST$ ls
README.md
nguyen@nguyen-FX503VD:~/BEMTEST/BEMTEST$ ls
README.md
nguyen@nguyen-FX503VD:~/BEMTEST/BEMTEST$ ls -l
total 4
-rw-rw-r-- 1 nguyen nguyen 18 Thg 12 21 12:16 README.md
nguyen@nguyen-FX503VD:~/BEMTEST/BEMTEST$ ls -al
total 16
drwxrwxr-x 3 nguyen nguyen 4096 Thg 12 21 12:16 .
drwxrwxr-x 3 nguyen nguyen 4096 Thg 12 21 12:16 ..
drwxrwxr-x 8 nguyen nguyen 4096 Thg 12 21 12:16 .git
-rw-rw-r-- 1 nguyen nguyen   18 Thg 12 21 12:16 README.md
nguyen@nguyen-FX503VD:~/BEMTEST/BEMTEST$ sl -al

Command 'sl' not found, but can be installed with:

sudo apt install sl

nguyen@nguyen-FX503VD:~/BEMTEST/BEMTEST$ git remote -v
origin	git@github.com:annguyendang1722/BEMTEST.git (fetch)
origin	git@github.com:annguyendang1722/BEMTEST.git (push)
nguyen@nguyen-FX503VD:~/BEMTEST/BEMTEST$ git status 
On branch main
Your branch is up to date with 'origin/main'.

Untracked files:
  (use "git add <file>..." to include in what will be committed)
	css/
	fonts/
	images/
	index.html
	js/
	prepros.config
	scss/

nothing added to commit but untracked files present (use "git add" to track)
nguyen@nguyen-FX503VD:~/BEMTEST/BEMTEST$ git status 
On branch main
Your branch is up to date with 'origin/main'.

Untracked files:
  (use "git add <file>..." to include in what will be committed)
	css/
	fonts/
	images/
	index.html
	js/
	prepros.config
	scss/

nothing added to commit but untracked files present (use "git add" to track)
nguyen@nguyen-FX503VD:~/BEMTEST/BEMTEST$ git add *
nguyen@nguyen-FX503VD:~/BEMTEST/BEMTEST$ git status 
On branch main
Your branch is up to date with 'origin/main'.

Changes to be committed:
  (use "git restore --staged <file>..." to unstage)
	new file:   css/animate.min.css
	new file:   css/bootstrap.min.css
	new file:   css/fontawesome.min.css
	new file:   css/main.css
	new file:   fonts/KFOiCnqEu92Fr1Mu51QrEz8dL_nz.woff2
	new file:   fonts/KFOjCnqEu92Fr1Mu51S7ACc1CsTKlA.woff2
	new file:   fonts/KFOjCnqEu92Fr1Mu51TLBCc1CsTKlA.woff2
	new file:   fonts/KFOjCnqEu92Fr1Mu51TjASc1CsTKlA.woff2
	new file:   fonts/KFOjCnqEu92Fr1Mu51TzBic1CsTKlA.woff2
	new file:   fonts/KFOkCnqEu92Fr1MmgVxHIzIFKw.woff2
	new file:   fonts/KFOkCnqEu92Fr1Mu51xHIzIFKw.woff2
	new file:   fonts/KFOlCnqEu92Fr1MmEU9fCxc4EsA.woff2
	new file:   fonts/KFOlCnqEu92Fr1MmSU5fCxc4EsA.woff2
	new file:   fonts/KFOlCnqEu92Fr1MmWUlfCxc4EsA.woff2
	new file:   fonts/KFOlCnqEu92Fr1MmYUtfCxc4EsA.woff2
	new file:   fonts/KFOmCnqEu92Fr1Mu7WxKOzY.woff2
	new file:   fonts/LICENSE.txt
	new file:   fonts/Roboto-Black.ttf
	new file:   fonts/Roboto-BlackItalic.ttf
	new file:   fonts/Roboto-Bold.ttf
	new file:   fonts/Roboto-BoldItalic.ttf
	new file:   fonts/Roboto-Italic.ttf
	new file:   fonts/Roboto-Light.ttf
	new file:   fonts/Roboto-LightItalic.ttf
	new file:   fonts/Roboto-Medium.ttf
	new file:   fonts/Roboto-MediumItalic.ttf
	new file:   fonts/Roboto-Regular.ttf
	new file:   fonts/Roboto-Thin.ttf
	new file:   fonts/Roboto-ThinItalic.ttf
	new file:   images/imgsinglepost.png
	new file:   images/new1.png
	new file:   images/new2.png
	new file:   images/new3.png
	new file:   images/new4.png
	new file:   images/new5.png
	new file:   images/newright.png
	new file:   index.html
	new file:   js/bootstrap.min.js
	new file:   js/fontawesome.js
	new file:   js/jquery-latest.min.js
	new file:   js/jquery.matchHeight.js
	new file:   js/jquery.min.js
	new file:   js/main.js
	new file:   js/popper.min.js
	new file:   js/vendors/bootstrap.min.js
	new file:   js/vendors/jquery.min.js
	new file:   js/vendors/popper.min.js
	new file:   js/vendors/slick.js
	new file:   js/vendors/wow.min.js
	new file:   js/wow.min.js
	new file:   prepros.config
	new file:   scss/base/_reset.scss
	new file:   scss/layout/_footer.scss
	new file:   scss/layout/_header.scss
	new file:   scss/main.scss
	new file:   scss/page/_homepage.scss

nguyen@nguyen-FX503VD:~/BEMTEST/BEMTEST$ git commit -am "add new code"
[main 69e2246] add new code
 56 files changed, 38564 insertions(+)
 create mode 100644 css/animate.min.css
 create mode 100644 css/bootstrap.min.css
 create mode 100644 css/fontawesome.min.css
 create mode 100644 css/main.css
 create mode 100644 fonts/KFOiCnqEu92Fr1Mu51QrEz8dL_nz.woff2
 create mode 100644 fonts/KFOjCnqEu92Fr1Mu51S7ACc1CsTKlA.woff2
 create mode 100644 fonts/KFOjCnqEu92Fr1Mu51TLBCc1CsTKlA.woff2
 create mode 100644 fonts/KFOjCnqEu92Fr1Mu51TjASc1CsTKlA.woff2
 create mode 100644 fonts/KFOjCnqEu92Fr1Mu51TzBic1CsTKlA.woff2
 create mode 100644 fonts/KFOkCnqEu92Fr1MmgVxHIzIFKw.woff2
 create mode 100644 fonts/KFOkCnqEu92Fr1Mu51xHIzIFKw.woff2
 create mode 100644 fonts/KFOlCnqEu92Fr1MmEU9fCxc4EsA.woff2
 create mode 100644 fonts/KFOlCnqEu92Fr1MmSU5fCxc4EsA.woff2
 create mode 100644 fonts/KFOlCnqEu92Fr1MmWUlfCxc4EsA.woff2
 create mode 100644 fonts/KFOlCnqEu92Fr1MmYUtfCxc4EsA.woff2
 create mode 100644 fonts/KFOmCnqEu92Fr1Mu7WxKOzY.woff2
 create mode 100644 fonts/LICENSE.txt
 create mode 100644 fonts/Roboto-Black.ttf
 create mode 100644 fonts/Roboto-BlackItalic.ttf
 create mode 100644 fonts/Roboto-Bold.ttf
 create mode 100644 fonts/Roboto-BoldItalic.ttf
 create mode 100644 fonts/Roboto-Italic.ttf
 create mode 100644 fonts/Roboto-Light.ttf
 create mode 100644 fonts/Roboto-LightItalic.ttf
 create mode 100644 fonts/Roboto-Medium.ttf
 create mode 100644 fonts/Roboto-MediumItalic.ttf
 create mode 100644 fonts/Roboto-Regular.ttf
 create mode 100644 fonts/Roboto-Thin.ttf
 create mode 100644 fonts/Roboto-ThinItalic.ttf
 create mode 100644 images/imgsinglepost.png
 create mode 100644 images/new1.png
 create mode 100644 images/new2.png
 create mode 100644 images/new3.png
 create mode 100644 images/new4.png
 create mode 100644 images/new5.png
 create mode 100644 images/newright.png
 create mode 100644 index.html
 create mode 100644 js/bootstrap.min.js
 create mode 100644 js/fontawesome.js
 create mode 100644 js/jquery-latest.min.js
 create mode 100644 js/jquery.matchHeight.js
 create mode 100644 js/jquery.min.js
 create mode 100644 js/main.js
 create mode 100644 js/popper.min.js
 create mode 100644 js/vendors/bootstrap.min.js
 create mode 100644 js/vendors/jquery.min.js
 create mode 100644 js/vendors/popper.min.js
 create mode 100644 js/vendors/slick.js
 create mode 100644 js/vendors/wow.min.js
 create mode 100644 js/wow.min.js
 create mode 100644 prepros.config
 create mode 100644 scss/base/_reset.scss
 create mode 100644 scss/layout/_footer.scss
 create mode 100644 scss/layout/_header.scss
 create mode 100644 scss/main.scss
 create mode 100644 scss/page/_homepage.scss
nguyen@nguyen-FX503VD:~/BEMTEST/BEMTEST$ git push origin master 
error: src refspec master does not match any
error: failed to push some refs to 'git@github.com:annguyendang1722/BEMTEST.git'
nguyen@nguyen-FX503VD:~/BEMTEST/BEMTEST$ git@github.com:annguyendang1722/BEMTEST.git
bash: git@github.com:annguyendang1722/BEMTEST.git: No such file or directory
nguyen@nguyen-FX503VD:~/BEMTEST/BEMTEST$ git remote -v
origin	git@github.com:annguyendang1722/BEMTEST.git (fetch)
origin	git@github.com:annguyendang1722/BEMTEST.git (push)
nguyen@nguyen-FX503VD:~/BEMTEST/BEMTEST$ git branch
* main
nguyen@nguyen-FX503VD:~/BEMTEST/BEMTEST$ git push origin main
Enumerating objects: 65, done.
Counting objects: 100% (65/65), done.
Delta compression using up to 4 threads
Compressing objects: 100% (62/62), done.
Writing objects: 100% (64/64), 2.80 MiB | 1.23 MiB/s, done.
Total 64 (delta 1), reused 0 (delta 0)
remote: Resolving deltas: 100% (1/1), done.
To github.com:annguyendang1722/BEMTEST.git
   fa906f4..69e2246  main -> main
nguyen@nguyen-FX503VD:~/BEMTEST/BEMTEST$ git branch
* main
nguyen@nguyen-FX503VD:~/BEMTEST/BEMTEST$ git checkout -b master
Switched to a new branch 'master'
nguyen@nguyen-FX503VD:~/BEMTEST/BEMTEST$ git checkout master
Already on 'master'
nguyen@nguyen-FX503VD:~/BEMTEST/BEMTEST$ git branch
  main
* master
nguyen@nguyen-FX503VD:~/BEMTEST/BEMTEST$ git status
On branch master
nothing to commit, working tree clean
nguyen@nguyen-FX503VD:~/BEMTEST/BEMTEST$ git add *
nguyen@nguyen-FX503VD:~/BEMTEST/BEMTEST$ 
nguyen@nguyen-FX503VD:~/BEMTEST/BEMTEST$ git status
On branch master
nothing to commit, working tree clean
nguyen@nguyen-FX503VD:~/BEMTEST/BEMTEST$ git commit -am "add new code"
On branch master
nothing to commit, working tree clean
nguyen@nguyen-FX503VD:~/BEMTEST/BEMTEST$ git push origin master
Total 0 (delta 0), reused 0 (delta 0)
remote: 
remote: Create a pull request for 'master' on GitHub by visiting:
remote:      https://github.com/annguyendang1722/BEMTEST/pull/new/master
remote: 
To github.com:annguyendang1722/BEMTEST.git
 * [new branch]      master -> master
nguyen@nguyen-FX503VD:~/BEMTEST/BEMTEST$ git status
On branch master
nothing to commit, working tree clean
nguyen@nguyen-FX503VD:~/BEMTEST/BEMTEST$ ^C

nguyen@nguyen-FX503VD:~/BEMTEST/BEMTEST$ git status
On branch master
Changes not staged for commit:
  (use "git add <file>..." to update what will be committed)
  (use "git restore <file>..." to discard changes in working directory)
	modified:   index.html

no changes added to commit (use "git add" and/or "git commit -a")
nguyen@nguyen-FX503VD:~/BEMTEST/BEMTEST$ git commit -am "dathaydoi"
[master 3a3be90] dathaydoi
 1 file changed, 103 insertions(+)
nguyen@nguyen-FX503VD:~/BEMTEST/BEMTEST$ git log
commit 3a3be9047d85b49c76db453ca56a1ffef3585597 (HEAD -> master)
Author: annguyen <an.nguyendang1722@gmail.com>
Date:   Mon Dec 21 12:39:07 2020 +0700

    dathaydoi

commit 69e22463b8e471e0671066a4a03bbda814ccc7aa (origin/master, origin/main, origin/HEAD, main)
Author: annguyen <an.nguyendang1722@gmail.com>
Date:   Mon Dec 21 12:23:01 2020 +0700

    add new code

commit fa906f48ec6b54b05f658d03dca34ff599409531
Author: annguyendang1722 <52504708+annguyendang1722@users.noreply.github.com>
Date:   Mon Dec 21 12:13:40 2020 +0700

    Initial commit
nguyen@nguyen-FX503VD:~/BEMTEST/BEMTEST$ git push origin master
Enumerating objects: 5, done.
Counting objects: 100% (5/5), done.
Delta compression using up to 4 threads
Compressing objects: 100% (3/3), done.
Writing objects: 100% (3/3), 299 bytes | 299.00 KiB/s, done.
Total 3 (delta 2), reused 0 (delta 0)
remote: Resolving deltas: 100% (2/2), completed with 2 local objects.
To github.com:annguyendang1722/BEMTEST.git
   69e2246..3a3be90  master -> master
nguyen@nguyen-FX503VD:~/BEMTEST/BEMTEST$ git branch
  main
* master
nguyen@nguyen-FX503VD:~/BEMTEST/BEMTEST$ git checkout main
Switched to branch 'main'
Your branch is up to date with 'origin/main'.
nguyen@nguyen-FX503VD:~/BEMTEST/BEMTEST$ 
